app/(root)/interview/[id]/page.tsx(81,17): error TS2322: Type '"interview"' is not assignable to type '"feedback" | "resume-analysis" | "mock-interview" | "skill-gap"'.
app/(root)/interview/[id]/page.tsx(84,17): error TS2322: Type '(transcript: string) => Promise<void>' is not assignable to type '(data: { transcript: string; feedback: any; skillGap: any[]; sessionId?: string | undefined; }) => void'.
  Types of parameters 'transcript' and 'data' are incompatible.
    Type '{ transcript: string; feedback: any; skillGap: any[]; sessionId?: string | undefined; }' is not assignable to type 'string'.
app/api/upload-resume/route.ts(6,8): error TS1192: Module '"C:/Users/Harshitha/PrepWise/node_modules/pdf-parse/dist/pdf-parse/esm/index"' has no default export.
